[0m22:24:56.486868 [debug] [MainThread]: Sending event: {'category': 'dbt', 'action': 'invocation', 'label': 'start', 'context': [<snowplow_tracker.self_describing_json.SelfDescribingJson object at 0x75182b74f7a0>, <snowplow_tracker.self_describing_json.SelfDescribingJson object at 0x75182d1b20c0>, <snowplow_tracker.self_describing_json.SelfDescribingJson object at 0x75182b74d4f0>]}


============================== 22:24:56.494353 | ed9b4378-8947-4124-9368-15d4f13f7473 ==============================
[0m22:24:56.494353 [info ] [MainThread]: Running with dbt=1.12.0
[0m22:24:56.495671 [debug] [MainThread]: running dbt with arguments {'hints_enabled': 'True', 'version_check': 'True', 'quiet': 'False', 'warn_error': 'None', 'no_print': 'None', 'printer_width': '80', 'write_json': 'True', 'static_parser': 'True', 'target_path': 'None', 'invocation_command': 'dbt init', 'maximum_seed_size_mib': '1', 'log_path': 'logs', 'introspect': 'True', 'send_anonymous_usage_stats': 'True', 'empty': 'None', 'warn_error_options': 'WarnErrorOptionsV2(error=[], warn=[], silence=[])', 'use_experimental_parser': 'False', 'log_cache_events': 'False', 'profiles_dir': '/home/david/.dbt', 'indirect_selection': 'eager', 'cache_selected_only': 'False', 'fail_fast': 'False', 'partial_parse': 'True', 'use_colors': 'True', 'log_format': 'default', 'debug': 'False'}
[0m12:44:10.466797 [debug] [MainThread]: Sending event: {'category': 'dbt', 'action': 'invocation', 'label': 'start', 'context': [<snowplow_tracker.self_describing_json.SelfDescribingJson object at 0x737492cfbd40>, <snowplow_tracker.self_describing_json.SelfDescribingJson object at 0x737493b9ca40>, <snowplow_tracker.self_describing_json.SelfDescribingJson object at 0x73749321d460>]}


============================== 12:44:10.501395 | 37f042a2-a4c9-41a2-a1ed-85a9f8a3acdf ==============================
[0m12:44:10.501395 [info ] [MainThread]: Running with dbt=1.12.0
[0m12:44:10.502400 [debug] [MainThread]: running dbt with arguments {'log_format': 'default', 'send_anonymous_usage_stats': 'True', 'partial_parse': 'True', 'use_colors': 'True', 'warn_error_options': 'WarnErrorOptionsV2(error=[], warn=[], silence=[])', 'introspect': 'True', 'log_path': 'logs', 'static_parser': 'True', 'write_json': 'True', 'target_path': 'None', 'printer_width': '80', 'fail_fast': 'False', 'indirect_selection': 'eager', 'warn_error': 'None', 'invocation_command': 'dbt init', 'debug': 'False', 'empty': 'None', 'cache_selected_only': 'False', 'profiles_dir': '/home/david/.dbt', 'version_check': 'True', 'log_cache_events': 'False', 'hints_enabled': 'True', 'maximum_seed_size_mib': '1', 'use_experimental_parser': 'False', 'no_print': 'None', 'quiet': 'False'}
[0m12:45:17.666383 [debug] [MainThread]: Starter project path: /mnt/c/Projects/Hackstories_project/.venv/lib/python3.12/site-packages/dbt/include/starter_project
[0m12:45:17.821498 [info ] [MainThread]: Setting up your profile.
[0m12:45:24.551752 [debug] [MainThread]: Redshift adapter: Setting redshift_connector to ERROR
[0m12:45:24.552603 [debug] [MainThread]: Redshift adapter: Setting redshift_connector.core to ERROR
[0m12:46:27.962840 [error] [MainThread]: [[31mERROR[0m]: Encountered an error:

[0m12:46:27.972113 [error] [MainThread]: Traceback (most recent call last):
  File "/mnt/c/Projects/Hackstories_project/.venv/lib/python3.12/site-packages/dbt/cli/requires.py", line 190, in wrapper
    result, success = func(*args, **kwargs)
                      ^^^^^^^^^^^^^^^^^^^^^
  File "/mnt/c/Projects/Hackstories_project/.venv/lib/python3.12/site-packages/dbt/cli/requires.py", line 136, in wrapper
    return func(*args, **kwargs)
           ^^^^^^^^^^^^^^^^^^^^^
  File "/mnt/c/Projects/Hackstories_project/.venv/lib/python3.12/site-packages/dbt/cli/main.py", line 503, in init
    results = task.run()
              ^^^^^^^^^^
  File "/mnt/c/Projects/Hackstories_project/.venv/lib/python3.12/site-packages/dbt/task/init.py", line 360, in run
    self.setup_profile(profile_name)
  File "/mnt/c/Projects/Hackstories_project/.venv/lib/python3.12/site-packages/dbt/task/init.py", line 264, in setup_profile
    self.create_profile_from_target(adapter, profile_name=profile_name)
  File "/mnt/c/Projects/Hackstories_project/.venv/lib/python3.12/site-packages/dbt/task/init.py", line 181, in create_profile_from_target
    self.create_profile_from_profile_template(profile_template, profile_name)
  File "/mnt/c/Projects/Hackstories_project/.venv/lib/python3.12/site-packages/dbt/task/init.py", line 165, in create_profile_from_profile_template
    target = self.generate_target_from_input(prompts, initial_target)
             ^^^^^^^^^^^^^^^^^^^^^^^^^^^^^^^^^^^^^^^^^^^^^^^^^^^^^^^^
  File "/mnt/c/Projects/Hackstories_project/.venv/lib/python3.12/site-packages/dbt/task/init.py", line 131, in generate_target_from_input
    target[key] = click.prompt(
                  ^^^^^^^^^^^^^
  File "/mnt/c/Projects/Hackstories_project/.venv/lib/python3.12/site-packages/click/termui.py", line 218, in prompt
    value = prompt_func(prompt)
            ^^^^^^^^^^^^^^^^^^^
  File "/mnt/c/Projects/Hackstories_project/.venv/lib/python3.12/site-packages/click/termui.py", line 201, in prompt_func
    raise Abort() from None
click.exceptions.Abort

[0m12:46:27.976736 [debug] [MainThread]: Resource report: {"command_name": "init", "command_success": false, "command_wall_clock_time": 137.57425, "process_in_blocks": "40040", "process_kernel_time": 1.40885, "process_mem_max_rss": "141848", "process_out_blocks": "0", "process_user_time": 3.714627}
[0m12:46:27.978088 [debug] [MainThread]: Command `dbt init` failed at 12:46:27.977951 after 137.58 seconds
[0m12:46:27.980554 [debug] [MainThread]: Sending event: {'category': 'dbt', 'action': 'invocation', 'label': 'end', 'context': [<snowplow_tracker.self_describing_json.SelfDescribingJson object at 0x737492d00140>, <snowplow_tracker.self_describing_json.SelfDescribingJson object at 0x7374917a9490>, <snowplow_tracker.self_describing_json.SelfDescribingJson object at 0x7374923df680>]}
[0m12:46:27.982870 [debug] [MainThread]: Flushing usage events
[0m12:46:31.014253 [debug] [MainThread]: An error was encountered while trying to flush usage events
[0m17:36:35.737417 [debug] [MainThread]: Sending event: {'category': 'dbt', 'action': 'invocation', 'label': 'start', 'context': [<snowplow_tracker.self_describing_json.SelfDescribingJson object at 0x000002728DB64410>, <snowplow_tracker.self_describing_json.SelfDescribingJson object at 0x00000272935C99D0>, <snowplow_tracker.self_describing_json.SelfDescribingJson object at 0x00000272935CBF10>]}


============================== 17:36:35.843862 | 5034a2e3-fa13-4ba0-92bf-7fee29d7c884 ==============================
[0m17:36:35.843862 [info ] [MainThread]: Running with dbt=1.12.0
[0m17:36:35.843862 [debug] [MainThread]: running dbt with arguments {'static_parser': 'True', 'no_print': 'None', 'version_check': 'True', 'target_path': 'None', 'warn_error_options': 'WarnErrorOptionsV2(error=[], warn=[], silence=[])', 'maximum_seed_size_mib': '1', 'printer_width': '80', 'write_json': 'True', 'empty': 'None', 'log_cache_events': 'False', 'introspect': 'True', 'cache_selected_only': 'False', 'log_format': 'default', 'debug': 'False', 'fail_fast': 'False', 'partial_parse': 'True', 'send_anonymous_usage_stats': 'True', 'quiet': 'False', 'warn_error': 'None', 'profiles_dir': 'C:\\Users\\Guest1\\.dbt', 'invocation_command': 'dbt init', 'hints_enabled': 'True', 'use_colors': 'True', 'use_experimental_parser': 'False', 'indirect_selection': 'eager', 'log_path': 'logs'}
[0m17:36:43.206214 [error] [MainThread]: [[31mERROR[0m]: Encountered an error:

[0m17:36:43.210761 [error] [MainThread]: Traceback (most recent call last):
  File "C:\Projects\Hackstories_project\.venv\Lib\site-packages\dbt\cli\requires.py", line 190, in wrapper
    result, success = func(*args, **kwargs)
                      ^^^^^^^^^^^^^^^^^^^^^
  File "C:\Projects\Hackstories_project\.venv\Lib\site-packages\dbt\cli\requires.py", line 136, in wrapper
    return func(*args, **kwargs)
           ^^^^^^^^^^^^^^^^^^^^^
  File "C:\Projects\Hackstories_project\.venv\Lib\site-packages\dbt\cli\main.py", line 503, in init
    results = task.run()
              ^^^^^^^^^^
  File "C:\Projects\Hackstories_project\.venv\Lib\site-packages\dbt\task\init.py", line 337, in run
    project_name = self.get_valid_project_name()
                   ^^^^^^^^^^^^^^^^^^^^^^^^^^^^^
  File "C:\Projects\Hackstories_project\.venv\Lib\site-packages\dbt\task\init.py", line 280, in get_valid_project_name
    name = click.prompt("Enter a name for your project (letters, digits, underscore)")
           ^^^^^^^^^^^^^^^^^^^^^^^^^^^^^^^^^^^^^^^^^^^^^^^^^^^^^^^^^^^^^^^^^^^^^^^^^^^
  File "C:\Projects\Hackstories_project\.venv\Lib\site-packages\click\termui.py", line 218, in prompt
    value = prompt_func(prompt)
            ^^^^^^^^^^^^^^^^^^^
  File "C:\Projects\Hackstories_project\.venv\Lib\site-packages\click\termui.py", line 201, in prompt_func
    raise Abort() from None
click.exceptions.Abort

[0m17:36:43.214042 [debug] [MainThread]: Command `dbt init` failed at 17:36:43.214042 after 7.55 seconds
[0m17:36:43.214042 [debug] [MainThread]: Sending event: {'category': 'dbt', 'action': 'invocation', 'label': 'end', 'context': [<snowplow_tracker.self_describing_json.SelfDescribingJson object at 0x0000027293631D50>, <snowplow_tracker.self_describing_json.SelfDescribingJson object at 0x0000027293632310>, <snowplow_tracker.self_describing_json.SelfDescribingJson object at 0x00000272935C6A10>]}
[0m17:36:43.215914 [debug] [MainThread]: Flushing usage events
[0m17:36:45.070967 [debug] [MainThread]: An error was encountered while trying to flush usage events
[0m18:02:27.237947 [debug] [MainThread]: Sending event: {'category': 'dbt', 'action': 'invocation', 'label': 'start', 'context': [<snowplow_tracker.self_describing_json.SelfDescribingJson object at 0x0000019915647150>, <snowplow_tracker.self_describing_json.SelfDescribingJson object at 0x0000019915576310>, <snowplow_tracker.self_describing_json.SelfDescribingJson object at 0x0000019915575F90>]}


============================== 18:02:27.239960 | 43d1ee04-5842-4a3c-a97b-657c0c2c5b90 ==============================
[0m18:02:27.239960 [info ] [MainThread]: Running with dbt=1.12.0
[0m18:02:27.239960 [debug] [MainThread]: running dbt with arguments {'maximum_seed_size_mib': '1', 'no_print': 'None', 'version_check': 'True', 'target_path': 'None', 'warn_error_options': 'WarnErrorOptionsV2(error=[], warn=[], silence=[])', 'static_parser': 'True', 'printer_width': '80', 'write_json': 'True', 'introspect': 'True', 'log_cache_events': 'False', 'empty': 'None', 'cache_selected_only': 'False', 'fail_fast': 'False', 'debug': 'False', 'log_format': 'default', 'partial_parse': 'True', 'send_anonymous_usage_stats': 'True', 'quiet': 'False', 'warn_error': 'None', 'profiles_dir': 'C:\\Users\\Guest1\\.dbt', 'invocation_command': 'dbt debug', 'hints_enabled': 'True', 'indirect_selection': 'eager', 'use_experimental_parser': 'False', 'use_colors': 'True', 'log_path': 'logs'}
[0m18:02:27.259504 [info ] [MainThread]: dbt version: 1.12.0
[0m18:02:27.260505 [info ] [MainThread]: python version: 3.11.15
[0m18:02:27.260505 [info ] [MainThread]: python path: C:\Projects\Hackstories_project\.venv\Scripts\python.exe
[0m18:02:27.261503 [info ] [MainThread]: os info: Windows-10-10.0.26200-SP0
[0m18:02:27.458006 [debug] [MainThread]: Redshift adapter: Setting redshift_connector to ERROR
[0m18:02:27.458006 [debug] [MainThread]: Redshift adapter: Setting redshift_connector.core to ERROR
[0m18:02:27.550301 [info ] [MainThread]: Error importing adapter: No module named 'dbt.adapters.snowflake'
[0m18:02:27.550301 [info ] [MainThread]: Using profiles dir at C:\Users\Guest1\.dbt
[0m18:02:27.550301 [info ] [MainThread]: Using profiles.yml file at C:\Users\Guest1\.dbt\profiles.yml
[0m18:02:27.550301 [info ] [MainThread]: Using dbt_project.yml file at C:\Projects\Hackstories_project\dbt_project.yml
[0m18:02:27.550301 [info ] [MainThread]: Configuration:
[0m18:02:27.550301 [info ] [MainThread]:   profiles.yml file [[31mERROR invalid[0m]
[0m18:02:27.550301 [info ] [MainThread]:   dbt_project.yml file [[31mERROR not found[0m]
[0m18:02:27.550301 [info ] [MainThread]: Required dependencies:
[0m18:02:27.550301 [debug] [MainThread]: Executing "git --help"
[0m18:02:27.598810 [debug] [MainThread]: STDOUT: "b"usage: git [-v | --version] [-h | --help] [-C <path>] [-c <name>=<value>]\n           [--exec-path[=<path>]] [--html-path] [--man-path] [--info-path]\n           [-p | --paginate | -P | --no-pager] [--no-replace-objects] [--no-lazy-fetch]\n           [--no-optional-locks] [--no-advice] [--bare] [--git-dir=<path>]\n           [--work-tree=<path>] [--namespace=<name>] [--config-env=<name>=<envvar>]\n           <command> [<args>]\n\nThese are common Git commands used in various situations:\n\nstart a working area (see also: git help tutorial)\n   clone      Clone a repository into a new directory\n   init       Create an empty Git repository or reinitialize an existing one\n\nwork on the current change (see also: git help everyday)\n   add        Add file contents to the index\n   mv         Move or rename a file, a directory, or a symlink\n   restore    Restore working tree files\n   rm         Remove files from the working tree and from the index\n\nexamine the history and state (see also: git help revisions)\n   bisect     Use binary search to find the commit that introduced a bug\n   diff       Show changes between commits, commit and working tree, etc\n   grep       Print lines matching a pattern\n   log        Show commit logs\n   show       Show various types of objects\n   status     Show the working tree status\n\ngrow, mark and tweak your common history\n   backfill   Download missing objects in a partial clone\n   branch     List, create, or delete branches\n   commit     Record changes to the repository\n   history    EXPERIMENTAL: Rewrite history\n   merge      Join two or more development histories together\n   rebase     Reapply commits on top of another base tip\n   reset      Set `HEAD` or the index to a known state\n   switch     Switch branches\n   tag        Create, list, delete or verify tags\n\ncollaborate (see also: git help workflows)\n   fetch      Download objects and refs from another repository\n   pull       Fetch from and integrate with another repository or a local branch\n   push       Update remote refs along with associated objects\n\n'git help -a' and 'git help -g' list available subcommands and some\nconcept guides. See 'git help <command>' or 'git help <concept>'\nto read about a specific subcommand or concept.\nSee 'git help git' for an overview of the system.\n""
[0m18:02:27.598810 [debug] [MainThread]: STDERR: "b''"
[0m18:02:27.600817 [info ] [MainThread]:  - git [[32mOK found[0m]

[0m18:02:27.600817 [info ] [MainThread]: Connection test skipped since no profile was found
[0m18:02:27.600817 [info ] [MainThread]: [31m2 checks failed:[0m
[0m18:02:27.600817 [info ] [MainThread]: Could not load dbt_project.yml
Profile loading failed for the following reason:
Runtime Error
  Credentials in profile "mediflow_project", target "dev" invalid: Runtime Error
    Could not find adapter type snowflake!


[0m18:02:27.600817 [info ] [MainThread]: Project loading failed for the following reason:
 project path <C:\Projects\Hackstories_project\dbt_project.yml> not found

[0m18:02:27.600817 [debug] [MainThread]: Command `dbt debug` failed at 18:02:27.600817 after 0.45 seconds
[0m18:02:27.600817 [debug] [MainThread]: Sending event: {'category': 'dbt', 'action': 'invocation', 'label': 'end', 'context': [<snowplow_tracker.self_describing_json.SelfDescribingJson object at 0x000001991564D390>, <snowplow_tracker.self_describing_json.SelfDescribingJson object at 0x0000019915576310>, <snowplow_tracker.self_describing_json.SelfDescribingJson object at 0x000001991563EED0>]}
[0m18:02:27.600817 [debug] [MainThread]: Flushing usage events
[0m18:02:29.046418 [debug] [MainThread]: An error was encountered while trying to flush usage events
[0m18:06:35.182497 [debug] [MainThread]: Sending event: {'category': 'dbt', 'action': 'invocation', 'label': 'start', 'context': [<snowplow_tracker.self_describing_json.SelfDescribingJson object at 0x000001FCC50F6D50>, <snowplow_tracker.self_describing_json.SelfDescribingJson object at 0x000001FCC5048F90>, <snowplow_tracker.self_describing_json.SelfDescribingJson object at 0x000001FCC517BDD0>]}


============================== 18:06:35.182497 | dc5adf71-486d-4812-b3e9-a890dcd8a8a1 ==============================
[0m18:06:35.182497 [info ] [MainThread]: Running with dbt=1.12.0
[0m18:06:35.186911 [debug] [MainThread]: running dbt with arguments {'maximum_seed_size_mib': '1', 'no_print': 'None', 'version_check': 'True', 'warn_error_options': 'WarnErrorOptionsV2(error=[], warn=[], silence=[])', 'static_parser': 'True', 'target_path': 'None', 'printer_width': '80', 'write_json': 'True', 'empty': 'None', 'log_cache_events': 'False', 'introspect': 'True', 'cache_selected_only': 'False', 'fail_fast': 'False', 'debug': 'False', 'log_format': 'default', 'profiles_dir': 'C:\\Users\\Guest1\\.dbt', 'send_anonymous_usage_stats': 'True', 'quiet': 'False', 'warn_error': 'None', 'partial_parse': 'True', 'indirect_selection': 'eager', 'hints_enabled': 'True', 'use_colors': 'True', 'use_experimental_parser': 'False', 'invocation_command': 'dbt debug', 'log_path': 'logs'}
[0m18:06:35.189939 [info ] [MainThread]: dbt version: 1.12.0
[0m18:06:35.189939 [info ] [MainThread]: python version: 3.11.15
[0m18:06:35.202501 [info ] [MainThread]: python path: C:\Projects\Hackstories_project\.venv\Scripts\python.exe
[0m18:06:35.203170 [info ] [MainThread]: os info: Windows-10-10.0.26200-SP0
[0m18:06:35.449830 [debug] [MainThread]: Redshift adapter: Setting redshift_connector to ERROR
[0m18:06:35.449830 [debug] [MainThread]: Redshift adapter: Setting redshift_connector.core to ERROR
[0m18:06:35.541390 [info ] [MainThread]: Error importing adapter: No module named 'dbt.adapters.snowflake'
[0m18:06:35.541390 [info ] [MainThread]: Using profiles dir at C:\Users\Guest1\.dbt
[0m18:06:35.541390 [info ] [MainThread]: Using profiles.yml file at C:\Users\Guest1\.dbt\profiles.yml
[0m18:06:35.541390 [info ] [MainThread]: Using dbt_project.yml file at C:\Projects\Hackstories_project\dbt_project.yml
[0m18:06:35.541390 [info ] [MainThread]: Configuration:
[0m18:06:35.541390 [info ] [MainThread]:   profiles.yml file [[31mERROR invalid[0m]
[0m18:06:35.541390 [info ] [MainThread]:   dbt_project.yml file [[31mERROR not found[0m]
[0m18:06:35.541390 [info ] [MainThread]: Required dependencies:
[0m18:06:35.541390 [debug] [MainThread]: Executing "git --help"
[0m18:06:35.580300 [debug] [MainThread]: STDOUT: "b"usage: git [-v | --version] [-h | --help] [-C <path>] [-c <name>=<value>]\n           [--exec-path[=<path>]] [--html-path] [--man-path] [--info-path]\n           [-p | --paginate | -P | --no-pager] [--no-replace-objects] [--no-lazy-fetch]\n           [--no-optional-locks] [--no-advice] [--bare] [--git-dir=<path>]\n           [--work-tree=<path>] [--namespace=<name>] [--config-env=<name>=<envvar>]\n           <command> [<args>]\n\nThese are common Git commands used in various situations:\n\nstart a working area (see also: git help tutorial)\n   clone      Clone a repository into a new directory\n   init       Create an empty Git repository or reinitialize an existing one\n\nwork on the current change (see also: git help everyday)\n   add        Add file contents to the index\n   mv         Move or rename a file, a directory, or a symlink\n   restore    Restore working tree files\n   rm         Remove files from the working tree and from the index\n\nexamine the history and state (see also: git help revisions)\n   bisect     Use binary search to find the commit that introduced a bug\n   diff       Show changes between commits, commit and working tree, etc\n   grep       Print lines matching a pattern\n   log        Show commit logs\n   show       Show various types of objects\n   status     Show the working tree status\n\ngrow, mark and tweak your common history\n   backfill   Download missing objects in a partial clone\n   branch     List, create, or delete branches\n   commit     Record changes to the repository\n   history    EXPERIMENTAL: Rewrite history\n   merge      Join two or more development histories together\n   rebase     Reapply commits on top of another base tip\n   reset      Set `HEAD` or the index to a known state\n   switch     Switch branches\n   tag        Create, list, delete or verify tags\n\ncollaborate (see also: git help workflows)\n   fetch      Download objects and refs from another repository\n   pull       Fetch from and integrate with another repository or a local branch\n   push       Update remote refs along with associated objects\n\n'git help -a' and 'git help -g' list available subcommands and some\nconcept guides. See 'git help <command>' or 'git help <concept>'\nto read about a specific subcommand or concept.\nSee 'git help git' for an overview of the system.\n""
[0m18:06:35.580300 [debug] [MainThread]: STDERR: "b''"
[0m18:06:35.580300 [info ] [MainThread]:  - git [[32mOK found[0m]

[0m18:06:35.580300 [info ] [MainThread]: Connection test skipped since no profile was found
[0m18:06:35.580300 [info ] [MainThread]: [31m2 checks failed:[0m
[0m18:06:35.580300 [info ] [MainThread]: Could not load dbt_project.yml
Profile loading failed for the following reason:
Runtime Error
  Credentials in profile "mediflow_project", target "dev" invalid: Runtime Error
    Could not find adapter type snowflake!


[0m18:06:35.580300 [info ] [MainThread]: Project loading failed for the following reason:
 project path <C:\Projects\Hackstories_project\dbt_project.yml> not found

[0m18:06:35.580300 [debug] [MainThread]: Command `dbt debug` failed at 18:06:35.580300 after 0.49 seconds
[0m18:06:35.580300 [debug] [MainThread]: Sending event: {'category': 'dbt', 'action': 'invocation', 'label': 'end', 'context': [<snowplow_tracker.self_describing_json.SelfDescribingJson object at 0x000001FCC5186B50>, <snowplow_tracker.self_describing_json.SelfDescribingJson object at 0x000001FCC5185D10>, <snowplow_tracker.self_describing_json.SelfDescribingJson object at 0x000001FCC50EEF10>]}
[0m18:06:35.580300 [debug] [MainThread]: Flushing usage events
[0m18:06:37.118999 [debug] [MainThread]: An error was encountered while trying to flush usage events
